ASxxxx Linker V03.00 + NoICE + sdld,  page 1.
Hexadecimal  [32-Bits]

Area                                    Addr        Size        Decimal Bytes (Attributes)
--------------------------------        ----        ----        ------- ----- ------------
CABS                                00000000    00000000 =           0. bytes (ABS,CON,CODE)

      Value  Global                              Global Defined In Module
      -----  --------------------------------   ------------------------
C:   00000000  l_BIT_BANK                      
C:   00000000  l_BSEG                          
C:   00000000  l_BSEG_BYTES                    
C:   00000000  l_CABS                          
C:   00000000  l_CONST                         
C:   00000000  l_GSFINAL                       
C:   00000000  l_GSINIT                        
C:   00000000  l_GSINIT0                       
C:   00000000  l_GSINIT1                       
C:   00000000  l_GSINIT2                       
C:   00000000  l_GSINIT3                       
C:   00000000  l_GSINIT4                       
C:   00000000  l_GSINIT5                       
C:   00000000  l_HOME                          
C:   00000000  l_IABS                          
C:   00000000  l_ISEG                          
C:   00000000  l_OSEG                          
C:   00000000  l_PSEG                          
C:   00000000  l_REG_BANK_1                    
C:   00000000  l_REG_BANK_2                    
C:   00000000  l_REG_BANK_3                    
C:   00000000  l_RSEG                          
C:   00000000  l_RSEG0                         
C:   00000000  l_RSEG1                         
C:   00000000  l_SSEG                          
C:   00000000  l_XABS                          
C:   00000000  l_XINIT                         
C:   00000000  l_XISEG                         
C:   00000000  l_XSEG                          
C:   00000000  l__CODE                         
C:   00000000  s_BSEG                          
C:   00000000  s_CABS                          
C:   00000000  s_CSEG                          
C:   00000000  s_DSEG                          
C:   00000000  s_GSFINAL                       
C:   00000000  s_GSINIT                        
C:   00000000  s_GSINIT0                       
C:   00000000  s_GSINIT1                       
C:   00000000  s_GSINIT2                       
C:   00000000  s_GSINIT3                       
C:   00000000  s_GSINIT4                       
C:   00000000  s_GSINIT5                       
C:   00000000  s_HOME                          
C:   00000000  s_IABS                          
C:   00000000  s_ISEG                          
C:   00000000  s_REG_BANK_0                    
C:   00000000  s_RSEG                          
C:   00000000  s_RSEG0                         
C:   00000000  s_RSEG1                         
C:   00000000  s_SSEG                          
ASxxxx Linker V03.00 + NoICE + sdld,  page 2.
Hexadecimal  [32-Bits]

Area                                    Addr        Size        Decimal Bytes (Attributes)
--------------------------------        ----        ----        ------- ----- ------------
CABS                                00000000    00000000 =           0. bytes (ABS,CON,CODE)

      Value  Global                              Global Defined In Module
      -----  --------------------------------   ------------------------
C:   00000000  s_XABS                          
C:   00000001  s_PSEG                          
C:   00000001  s_XISEG                         
C:   00000001  s_XSEG                          
C:   00000008  l_REG_BANK_0                    
C:   00000008  s_REG_BANK_1                    
C:   0000000C  l_DSEG                          
C:   00000010  s_REG_BANK_2                    
C:   00000018  s_BIT_BANK                      
C:   00000018  s_OSEG                          
C:   00000018  s_REG_BANK_3                    
C:   00000020  s_BSEG_BYTES                    
C:   00000020  s__CODE                         
C:   00000040  l_CSEG                          
C:   00000040  s_CONST                         
C:   00000040  s_XINIT                         
C:   00000100  l_IRAM                          

ASxxxx Linker V03.00 + NoICE + sdld,  page 3.
Hexadecimal  [32-Bits]

Area                                    Addr        Size        Decimal Bytes (Attributes)
--------------------------------        ----        ----        ------- ----- ------------
.  .ABS.                            00000000    00000000 =           0. bytes (ABS,CON)

      Value  Global                              Global Defined In Module
      -----  --------------------------------   ------------------------
     00000000  .__.ABS.                           sonokeling
     00000080  _P0                                sonokeling
     00000080  _P0_0                              sonokeling
     00000081  _P0_1                              sonokeling
     00000081  _SP                                sonokeling
     00000082  _DPL                               sonokeling
     00000082  _P0_2                              sonokeling
     00000083  _DPH                               sonokeling
     00000083  _P0_3                              sonokeling
     00000084  _P0_4                              sonokeling
     00000085  _P0_5                              sonokeling
     00000086  _P0_6                              sonokeling
     00000087  _P0_7                              sonokeling
     00000087  _PCON                              sonokeling
     00000088  _IT0                               sonokeling
     00000088  _TCON                              sonokeling
     00000089  _IE0                               sonokeling
     00000089  _TMOD                              sonokeling
     0000008A  _IT1                               sonokeling
     0000008A  _TL0                               sonokeling
     0000008B  _IE1                               sonokeling
     0000008B  _TL1                               sonokeling
     0000008C  _TH0                               sonokeling
     0000008C  _TR0                               sonokeling
     0000008D  _TF0                               sonokeling
     0000008D  _TH1                               sonokeling
     0000008E  _TR1                               sonokeling
     0000008F  _TF1                               sonokeling
     00000090  _P1                                sonokeling
     00000090  _P1_0                              sonokeling
     00000091  _P1_1                              sonokeling
     00000092  _P1_2                              sonokeling
     00000093  _P1_3                              sonokeling
     00000094  _P1_4                              sonokeling
     00000095  _P1_5                              sonokeling
     00000096  _P1_6                              sonokeling
     00000097  _P1_7                              sonokeling
     00000098  _RI                                sonokeling
     00000098  _SCON                              sonokeling
     00000099  _SBUF                              sonokeling
     00000099  _TI                                sonokeling
     0000009A  _RB8                               sonokeling
     0000009B  _TB8                               sonokeling
     0000009C  _REN                               sonokeling
     0000009D  _SM2                               sonokeling
     0000009E  _SM1                               sonokeling
     0000009F  _SM0                               sonokeling
     000000A0  _P2                                sonokeling
     000000A0  _P2_0                              sonokeling
     000000A1  _P2_1                              sonokeling
ASxxxx Linker V03.00 + NoICE + sdld,  page 4.
Hexadecimal  [32-Bits]

Area                                    Addr        Size        Decimal Bytes (Attributes)
--------------------------------        ----        ----        ------- ----- ------------
.  .ABS.                            00000000    00000000 =           0. bytes (ABS,CON)

      Value  Global                              Global Defined In Module
      -----  --------------------------------   ------------------------
     000000A2  _P2_2                              sonokeling
     000000A3  _P2_3                              sonokeling
     000000A4  _P2_4                              sonokeling
     000000A5  _P2_5                              sonokeling
     000000A6  _P2_6                              sonokeling
     000000A7  _P2_7                              sonokeling
     000000A8  _EX0                               sonokeling
     000000A8  _IE                                sonokeling
     000000A9  _ET0                               sonokeling
     000000AA  _EX1                               sonokeling
     000000AB  _ET1                               sonokeling
     000000AC  _ES                                sonokeling
     000000AD  _ET2                               sonokeling
     000000AF  _EA                                sonokeling
     000000B0  _P3                                sonokeling
     000000B0  _P3_0                              sonokeling
     000000B0  _RXD                               sonokeling
     000000B1  _P3_1                              sonokeling
     000000B1  _TXD                               sonokeling
     000000B2  _INT0                              sonokeling
     000000B2  _P3_2                              sonokeling
     000000B3  _INT1                              sonokeling
     000000B3  _P3_3                              sonokeling
     000000B4  _P3_4                              sonokeling
     000000B4  _T0                                sonokeling
     000000B5  _P3_5                              sonokeling
     000000B5  _T1                                sonokeling
     000000B6  _P3_6                              sonokeling
     000000B6  _WR                                sonokeling
     000000B7  _P3_7                              sonokeling
     000000B7  _RD                                sonokeling
     000000B8  _IP                                sonokeling
     000000B8  _PX0                               sonokeling
     000000B9  _PT0                               sonokeling
     000000BA  _PX1                               sonokeling
     000000BB  _PT1                               sonokeling
     000000BC  _PS                                sonokeling
     000000BD  _PT2                               sonokeling
     000000C8  _CP_RL2                            sonokeling
     000000C8  _T2CON                             sonokeling
     000000C8  _T2CON_0                           sonokeling
     000000C9  _C_T2                              sonokeling
     000000C9  _T2CON_1                           sonokeling
     000000CA  _RCAP2L                            sonokeling
     000000CA  _T2CON_2                           sonokeling
     000000CA  _TR2                               sonokeling
     000000CB  _EXEN2                             sonokeling
     000000CB  _RCAP2H                            sonokeling
     000000CB  _T2CON_3                           sonokeling
     000000CC  _T2CON_4                           sonokeling
     000000CC  _TCLK                              sonokeling
ASxxxx Linker V03.00 + NoICE + sdld,  page 5.
Hexadecimal  [32-Bits]

Area                                    Addr        Size        Decimal Bytes (Attributes)
--------------------------------        ----        ----        ------- ----- ------------
.  .ABS.                            00000000    00000000 =           0. bytes (ABS,CON)

      Value  Global                              Global Defined In Module
      -----  --------------------------------   ------------------------
     000000CC  _TL2                               sonokeling
     000000CD  _RCLK                              sonokeling
     000000CD  _T2CON_5                           sonokeling
     000000CD  _TH2                               sonokeling
     000000CE  _EXF2                              sonokeling
     000000CE  _T2CON_6                           sonokeling
     000000CF  _T2CON_7                           sonokeling
     000000CF  _TF2                               sonokeling
     000000D0  _P                                 sonokeling
     000000D0  _PSW                               sonokeling
     000000D1  _F1                                sonokeling
     000000D2  _OV                                sonokeling
     000000D3  _RS0                               sonokeling
     000000D4  _RS1                               sonokeling
     000000D5  _F0                                sonokeling
     000000D6  _AC                                sonokeling
     000000D7  _CY                                sonokeling
     000000E0  _ACC                               sonokeling
     000000F0  _B                                 sonokeling
ASxxxx Linker V03.00 + NoICE + sdld,  page 6.
Hexadecimal  [32-Bits]

Area                                    Addr        Size        Decimal Bytes (Attributes)
--------------------------------        ----        ----        ------- ----- ------------
REG_BANK_0                          00000000    00000008 =           8. bytes (REL,OVR)

      Value  Global                              Global Defined In Module
      -----  --------------------------------   ------------------------
ASxxxx Linker V03.00 + NoICE + sdld,  page 7.
Hexadecimal  [32-Bits]

Area                                    Addr        Size        Decimal Bytes (Attributes)
--------------------------------        ----        ----        ------- ----- ------------
DSEG                                00000000    0000000C =          12. bytes (REL,CON)

      Value  Global                              Global Defined In Module
      -----  --------------------------------   ------------------------
     00000008  _a                                 sonokeling
     0000000A  _b                                 sonokeling

ASxxxx Linker V03.00 + NoICE + sdld,  page 8.
Hexadecimal  [32-Bits]

Area                                    Addr        Size        Decimal Bytes (Attributes)
--------------------------------        ----        ----        ------- ----- ------------
CSEG                                00000000    00000040 =          64. bytes (REL,CON,CODE)

      Value  Global                              Global Defined In Module
      -----  --------------------------------   ------------------------
C:   00000000  __main_                            sonokeling

ASxxxx Linker V03.00 + NoICE + sdld,  page 9.

Files Linked                              [ module(s) ]

sonokeling.rel                            [  ]

ASxxxx Linker V03.00 + NoICE + sdld,  page 10.

User Base Address Definitions

HOME = 0x0000
XSEG = 0x0001
PSEG = 0x0001
ISEG = 0x0000
BSEG = 0x0000

