ASxxxx Linker V03.00 + NoICE + sdld,  page 1.
Hexadecimal  [32-Bits]

Area                                    Addr        Size        Decimal Bytes (Attributes)
--------------------------------        ----        ----        ------- ----- ------------
CABS                                00000000    00000000 =           0. bytes (ABS,CON,CODE)

      Value  Global                              Global Defined In Module
      -----  --------------------------------   ------------------------
C:   00000000  l_BIT_BANK                      
C:   00000000  l_CABS                          
C:   00000000  l_CONST                         
C:   00000000  l_GSINIT                        
C:   00000000  l_GSINIT1                       
C:   00000000  l_GSINIT5                       
C:   00000000  l_IABS                          
C:   00000000  l_ISEG                          
C:   00000000  l_PSEG                          
C:   00000000  l_REG_BANK_1                    
C:   00000000  l_REG_BANK_2                    
C:   00000000  l_REG_BANK_3                    
C:   00000000  l_RSEG                          
C:   00000000  l_RSEG0                         
C:   00000000  l_RSEG1                         
C:   00000000  l_XABS                          
C:   00000000  l_XINIT                         
C:   00000000  l_XISEG                         
C:   00000000  l_XSEG                          
C:   00000000  l__CODE                         
C:   00000000  s_BSEG                          
C:   00000000  s_CABS                          
C:   00000000  s_DSEG                          
C:   00000000  s_HOME                          
C:   00000000  s_IABS                          
C:   00000000  s_ISEG                          
C:   00000000  s_REG_BANK_0                    
C:   00000000  s_RSEG                          
C:   00000000  s_RSEG0                         
C:   00000000  s_RSEG1                         
C:   00000000  s_XABS                          
C:   00000001  l_BSEG                          
C:   00000001  l_BSEG_BYTES                    
C:   00000001  s_PSEG                          
C:   00000001  s_XISEG                         
C:   00000001  s_XSEG                          
C:   00000002  l_OSEG                          
C:   00000003  l_GSFINAL                       
C:   00000003  l_GSINIT0                       
C:   00000006  l_HOME                          
C:   00000006  s_GSINIT0                       
C:   00000008  l_REG_BANK_0                    
C:   00000008  s_OSEG                          
C:   00000008  s_REG_BANK_1                    
C:   00000009  s_GSINIT1                       
C:   00000009  s_GSINIT2                       
C:   0000000A  l_GSINIT2                       
C:   00000010  s_REG_BANK_2                    
C:   00000013  s_GSINIT3                       
C:   00000018  s_BIT_BANK                      
ASxxxx Linker V03.00 + NoICE + sdld,  page 2.
Hexadecimal  [32-Bits]

Area                                    Addr        Size        Decimal Bytes (Attributes)
--------------------------------        ----        ----        ------- ----- ------------
CABS                                00000000    00000000 =           0. bytes (ABS,CON,CODE)

      Value  Global                              Global Defined In Module
      -----  --------------------------------   ------------------------
C:   00000018  s_REG_BANK_3                    
C:   00000020  s_BSEG_BYTES                    
C:   00000020  s__CODE                         
C:   00000022  l_GSINIT3                       
C:   0000002A  l_GSINIT4                       
C:   00000035  s_GSINIT4                       
C:   00000045  s_SSEG                          
C:   0000005F  s_GSFINAL                       
C:   0000005F  s_GSINIT                        
C:   0000005F  s_GSINIT5                       
C:   00000062  s_CSEG                          
C:   0000006A  l_DSEG                          
C:   000000BB  l_SSEG                          
C:   00000100  l_IRAM                          
C:   000001F1  l_CSEG                          
C:   00000253  s_CONST                         
C:   00000253  s_XINIT                         

ASxxxx Linker V03.00 + NoICE + sdld,  page 3.
Hexadecimal  [32-Bits]

Area                                    Addr        Size        Decimal Bytes (Attributes)
--------------------------------        ----        ----        ------- ----- ------------
.  .ABS.                            00000000    00000000 =           0. bytes (ABS,CON)

      Value  Global                              Global Defined In Module
      -----  --------------------------------   ------------------------
     00000000  .__.ABS.                           _startup
     00000080  _P0                                uts2
     00000080  _P0_0                              uts2
     00000081  _P0_1                              uts2
     00000081  _SP                                uts2
     00000082  _DPL                               uts2
     00000082  _P0_2                              uts2
     00000083  _DPH                               uts2
     00000083  _P0_3                              uts2
     00000084  _P0_4                              uts2
     00000085  _P0_5                              uts2
     00000086  _P0_6                              uts2
     00000087  _P0_7                              uts2
     00000087  _PCON                              uts2
     00000088  _IT0                               uts2
     00000088  _TCON                              uts2
     00000089  _IE0                               uts2
     00000089  _TMOD                              uts2
     0000008A  _IT1                               uts2
     0000008A  _TL0                               uts2
     0000008B  _IE1                               uts2
     0000008B  _TL1                               uts2
     0000008C  _TH0                               uts2
     0000008C  _TR0                               uts2
     0000008D  _TF0                               uts2
     0000008D  _TH1                               uts2
     0000008E  _TR1                               uts2
     0000008F  _TF1                               uts2
     00000090  _P1                                uts2
     00000090  _P1_0                              uts2
     00000091  _P1_1                              uts2
     00000092  _P1_2                              uts2
     00000093  _P1_3                              uts2
     00000094  _P1_4                              uts2
     00000095  _P1_5                              uts2
     00000096  _P1_6                              uts2
     00000097  _P1_7                              uts2
     00000098  _RI                                uts2
     00000098  _SCON                              uts2
     00000099  _SBUF                              uts2
     00000099  _TI                                uts2
     0000009A  _RB8                               uts2
     0000009B  _TB8                               uts2
     0000009C  _REN                               uts2
     0000009D  _SM2                               uts2
     0000009E  _SM1                               uts2
     0000009F  _SM0                               uts2
     000000A0  _P2                                uts2
     000000A0  _P2_0                              uts2
     000000A0  __XPAGE                            
ASxxxx Linker V03.00 + NoICE + sdld,  page 4.
Hexadecimal  [32-Bits]

Area                                    Addr        Size        Decimal Bytes (Attributes)
--------------------------------        ----        ----        ------- ----- ------------
.  .ABS.                            00000000    00000000 =           0. bytes (ABS,CON)

      Value  Global                              Global Defined In Module
      -----  --------------------------------   ------------------------
     000000A1  _P2_1                              uts2
     000000A2  _P2_2                              uts2
     000000A3  _P2_3                              uts2
     000000A4  _P2_4                              uts2
     000000A5  _P2_5                              uts2
     000000A6  _P2_6                              uts2
     000000A7  _P2_7                              uts2
     000000A8  _EX0                               uts2
     000000A8  _IE                                uts2
     000000A9  _ET0                               uts2
     000000AA  _EX1                               uts2
     000000AB  _ET1                               uts2
     000000AC  _ES                                uts2
     000000AF  _EA                                uts2
     000000B0  _P3                                uts2
     000000B0  _P3_0                              uts2
     000000B0  _RXD                               uts2
     000000B1  _P3_1                              uts2
     000000B1  _TXD                               uts2
     000000B2  _INT0                              uts2
     000000B2  _P3_2                              uts2
     000000B3  _INT1                              uts2
     000000B3  _P3_3                              uts2
     000000B4  _P3_4                              uts2
     000000B4  _T0                                uts2
     000000B5  _P3_5                              uts2
     000000B5  _T1                                uts2
     000000B6  _P3_6                              uts2
     000000B6  _WR                                uts2
     000000B7  _P3_7                              uts2
     000000B7  _RD                                uts2
     000000B8  _IP                                uts2
     000000B8  _PX0                               uts2
     000000B9  _PT0                               uts2
     000000BA  _PX1                               uts2
     000000BB  _PT1                               uts2
     000000BC  _PS                                uts2
     000000D0  _P                                 uts2
     000000D0  _PSW                               uts2
     000000D1  _F1                                uts2
     000000D2  _OV                                uts2
     000000D3  _RS0                               uts2
     000000D4  _RS1                               uts2
     000000D5  _F0                                uts2
     000000D6  _AC                                uts2
     000000D7  _CY                                uts2
     000000E0  _ACC                               uts2
     000000F0  _B                                 uts2

ASxxxx Linker V03.00 + NoICE + sdld,  page 5.
Hexadecimal  [32-Bits]

Area                                    Addr        Size        Decimal Bytes (Attributes)
--------------------------------        ----        ----        ------- ----- ------------
BSEG_BYTES                          00000020    00000001 =           1. bytes (REL,CON)

      Value  Global                              Global Defined In Module
      -----  --------------------------------   ------------------------
ASxxxx Linker V03.00 + NoICE + sdld,  page 6.
Hexadecimal  [32-Bits]

Area                                    Addr        Size        Decimal Bytes (Attributes)
--------------------------------        ----        ----        ------- ----- ------------
REG_BANK_0                          00000000    00000008 =           8. bytes (REL,OVR)

      Value  Global                              Global Defined In Module
      -----  --------------------------------   ------------------------
ASxxxx Linker V03.00 + NoICE + sdld,  page 7.
Hexadecimal  [32-Bits]

Area                                    Addr        Size        Decimal Bytes (Attributes)
--------------------------------        ----        ----        ------- ----- ------------
DSEG                                00000000    0000006A =         106. bytes (REL,CON)

      Value  Global                              Global Defined In Module
      -----  --------------------------------   ------------------------
ASxxxx Linker V03.00 + NoICE + sdld,  page 8.
Hexadecimal  [32-Bits]

Area                                    Addr        Size        Decimal Bytes (Attributes)
--------------------------------        ----        ----        ------- ----- ------------
OSEG                                00000008    00000002 =           2. bytes (REL,OVR)

      Value  Global                              Global Defined In Module
      -----  --------------------------------   ------------------------
     00000008  __mulint_PARM_2                    _mulint

ASxxxx Linker V03.00 + NoICE + sdld,  page 9.
Hexadecimal  [32-Bits]

Area                                    Addr        Size        Decimal Bytes (Attributes)
--------------------------------        ----        ----        ------- ----- ------------
SSEG                                00000045    000000BB =         187. bytes (REL,OVR)

      Value  Global                              Global Defined In Module
      -----  --------------------------------   ------------------------
     00000045  __start__stack                     uts2

ASxxxx Linker V03.00 + NoICE + sdld,  page 10.
Hexadecimal  [32-Bits]

Area                                    Addr        Size        Decimal Bytes (Attributes)
--------------------------------        ----        ----        ------- ----- ------------
HOME                                00000000    00000006 =           6. bytes (REL,CON,CODE)

      Value  Global                              Global Defined In Module
      -----  --------------------------------   ------------------------
C:   00000003  __sdcc_program_startup             uts2

ASxxxx Linker V03.00 + NoICE + sdld,  page 11.
Hexadecimal  [32-Bits]

Area                                    Addr        Size        Decimal Bytes (Attributes)
--------------------------------        ----        ----        ------- ----- ------------
GSINIT0                             00000006    00000003 =           3. bytes (REL,CON,CODE)

      Value  Global                              Global Defined In Module
      -----  --------------------------------   ------------------------
C:   00000006  __sdcc_gsinit_startup              

ASxxxx Linker V03.00 + NoICE + sdld,  page 12.
Hexadecimal  [32-Bits]

Area                                    Addr        Size        Decimal Bytes (Attributes)
--------------------------------        ----        ----        ------- ----- ------------
GSINIT2                             00000009    0000000A =          10. bytes (REL,CON,CODE)

      Value  Global                              Global Defined In Module
      -----  --------------------------------   ------------------------
ASxxxx Linker V03.00 + NoICE + sdld,  page 13.
Hexadecimal  [32-Bits]

Area                                    Addr        Size        Decimal Bytes (Attributes)
--------------------------------        ----        ----        ------- ----- ------------
GSINIT3                             00000013    00000022 =          34. bytes (REL,CON,CODE)

      Value  Global                              Global Defined In Module
      -----  --------------------------------   ------------------------
C:   00000013  __mcs51_genXINIT                   

ASxxxx Linker V03.00 + NoICE + sdld,  page 14.
Hexadecimal  [32-Bits]

Area                                    Addr        Size        Decimal Bytes (Attributes)
--------------------------------        ----        ----        ------- ----- ------------
GSINIT4                             00000035    0000002A =          42. bytes (REL,CON,CODE)

      Value  Global                              Global Defined In Module
      -----  --------------------------------   ------------------------
C:   00000035  __mcs51_genRAMCLEAR                
C:   0000003B  __mcs51_genXRAMCLEAR               

ASxxxx Linker V03.00 + NoICE + sdld,  page 15.
Hexadecimal  [32-Bits]

Area                                    Addr        Size        Decimal Bytes (Attributes)
--------------------------------        ----        ----        ------- ----- ------------
GSFINAL                             0000005F    00000003 =           3. bytes (REL,CON,CODE)

      Value  Global                              Global Defined In Module
      -----  --------------------------------   ------------------------
ASxxxx Linker V03.00 + NoICE + sdld,  page 16.
Hexadecimal  [32-Bits]

Area                                    Addr        Size        Decimal Bytes (Attributes)
--------------------------------        ----        ----        ------- ----- ------------
CSEG                                00000062    000001F1 =         497. bytes (REL,CON,CODE)

      Value  Global                              Global Defined In Module
      -----  --------------------------------   ------------------------
C:   00000062  _main                              uts2
C:   00000232  __mulint                           _mulint
C:   00000232  __mulint_dummy                     _mulint
C:   0000024F  __sdcc_external_startup            _startup

ASxxxx Linker V03.00 + NoICE + sdld,  page 17.

Files Linked                              [ module(s) ]

uts2.rel                                  [  ]


Libraries Linked                          [ object file ]

D:\Program\sdcc\bin\..\lib\small/mcs51.lib
                                          [ crtclear.rel ]
D:\Program\sdcc\bin\..\lib\small/mcs51.lib
                                          [ crtxinit.rel ]
D:\Program\sdcc\bin\..\lib\small/libint.lib
                                          [ _mulint.rel ]
D:\Program\sdcc\bin\..\lib\small/mcs51.lib
                                          [ crtxclear.rel ]
D:\Program\sdcc\bin\..\lib\small/mcs51.lib
                                          [ crtpagesfr.rel ]
D:\Program\sdcc\bin\..\lib\small/mcs51.lib
                                          [ crtstart.rel ]
D:\Program\sdcc\bin\..\lib\small/libsdcc.lib
                                          [ _startup.rel ]

ASxxxx Linker V03.00 + NoICE + sdld,  page 18.

User Base Address Definitions

HOME = 0x0000
XSEG = 0x0001
PSEG = 0x0001
ISEG = 0x0000
BSEG = 0x0000

